// Jest Snapshot v1, https://goo.gl/fbAQLP

exports[`Pruebas en MultipleCustomHooks Debe de mostrar el componente por defecto 1`] = `undefined`;
